// Jest Snapshot v1, https://goo.gl/fbAQLP

exports[`match snapshot 1`] = `
<button
  className="btn btn--primary btn--medium"
/>
`;
